[INFO] Scanning for projects...
[INFO] 
[INFO] ------------------------< org.projects:market >-------------------------
[INFO] Building market 0.0.1-SNAPSHOT
[INFO]   from pom.xml
[INFO] --------------------------------[ jar ]---------------------------------
[INFO] 
[INFO] --- resources:3.3.1:resources (default-resources) @ market ---
[INFO] Copying 1 resource from src\main\resources to target\classes
[INFO] Copying 0 resource from src\main\resources to target\classes
[INFO] 
[INFO] --- compiler:3.14.1:compile (default-compile) @ market ---
[INFO] Recompiling the module because of changed source code.
[INFO] Compiling 119 source files with javac [debug parameters release 21] to target\classes
[INFO] ------------------------------------------------------------------------
[INFO] BUILD SUCCESS
[INFO] ------------------------------------------------------------------------
[INFO] Total time:  11.892 s
[INFO] Finished at: 2026-03-21T18:14:38+05:30
[INFO] ------------------------------------------------------------------------
